check jetpack version

$ sudo apt-cache show nvidia-jetpack

install jetpack if necessary
sudo apt update
sudo apt install nvidia-jetpack


install vscode

dowload from:   https://github.com/toolboc/vscode/releases   
$ sudo dpkg -i code-oss_1.32.3-arm64.deb
$ code-oss


install tensorflow

$ sudo apt-get install libhdf5-serial-dev hdf5-tools libhdf5-dev zlib1g-dev zip libjpeg8-dev liblapack-dev libblas-dev gfortran
$ sudo apt-get install python3-pip
$ sudo pip3 install -U pip
$ sudo pip3 install -U pip testresources setuptools numpy==1.16.1 future==0.17.1 mock==3.0.5 h5py==2.9.0 keras_preprocessing==1.0.5 keras_applications==1.0.8 gast==0.2.2 futures protobuf pybind11
$ sudo pip3 install --pre --extra-index-url https://developer.download.nvidia.com/compute/redist/jp/v44 tensorflow

if you get h5py error

$ sudo apt-get install libhdf5-dev


check installations

$ pip3 list


check tensorflow

$ python3
>>> import tensorflow

install sklearn

$ pip3 install sklearn



